<html>
<body>
<pre>
<h1>µVision Build Log</h1>
<h2>Project:</h2>
D:\HOC_TAP\OneDrive\ARM Project\Project_Template\KeilC\main.uvproj
Project File Date:  04/20/2016

<h2>Output:</h2>
Build target 'Target 1'
compiling main.c...
D:\Program Files\KeilC4\ARM\Inc\ST\STM32F10x\stm32f10x.h(96): error:  #35: #error directive: "Please select first the target STM32F10x device used in your application (in stm32f10x.h file)"
compiling user_delay.c...
D:\Program Files\KeilC4\ARM\Inc\ST\STM32F10x\stm32f10x.h(96): error:  #35: #error directive: "Please select first the target STM32F10x device used in your application (in stm32f10x.h file)"
compiling user_gpio.c...
D:\Program Files\KeilC4\ARM\Inc\ST\STM32F10x\stm32f10x.h(96): error:  #35: #error directive: "Please select first the target STM32F10x device used in your application (in stm32f10x.h file)"
compiling user_usart.c...
D:\Program Files\KeilC4\ARM\Inc\ST\STM32F10x\stm32f10x.h(96): error:  #35: #error directive: "Please select first the target STM32F10x device used in your application (in stm32f10x.h file)"
assembling startup_stm32f10x_hd.s...
compiling misc.c...
..\StdPeriph_Driver\src\misc.c(24): error:  #5: cannot open source input file "misc.h": No such file or directory
compiling stm32f10x_gpio.c...
..\StdPeriph_Driver\src\stm32f10x_gpio.c(23): error:  #5: cannot open source input file "stm32f10x_gpio.h": No such file or directory
compiling stm32f10x_rcc.c...
..\StdPeriph_Driver\src\stm32f10x_rcc.c(23): error:  #5: cannot open source input file "stm32f10x_rcc.h": No such file or directory
compiling stm32f10x_usart.c...
..\StdPeriph_Driver\src\stm32f10x_usart.c(23): error:  #5: cannot open source input file "stm32f10x_usart.h": No such file or directory
compiling core_cm3.c...
compiling system_stm32f10x.c...
..\CMSIS\stm32f10x.h(96): error:  #35: #error directive: "Please select first the target STM32F10x device used in your application (in stm32f10x.h file)"
".\main.axf" - 9 Errors, 0 Warning(s).
Target not created
Build target 'Target 1'
compiling main.c...
compiling user_delay.c...
compiling user_gpio.c...
compiling user_usart.c...
assembling startup_stm32f10x_hd.s...
compiling misc.c...
compiling stm32f10x_gpio.c...
compiling stm32f10x_rcc.c...
compiling stm32f10x_usart.c...
compiling core_cm3.c...
compiling system_stm32f10x.c...
linking...
.\main.axf: Error: L6218E: Undefined symbol BKP_DeInit (referred from main.o).
.\main.axf: Error: L6218E: Undefined symbol BKP_ReadBackupRegister (referred from main.o).
.\main.axf: Error: L6218E: Undefined symbol BKP_WriteBackupRegister (referred from main.o).
.\main.axf: Error: L6218E: Undefined symbol PWR_BackupAccessCmd (referred from main.o).
.\main.axf: Error: L6218E: Undefined symbol RTC_GetCounter (referred from main.o).
.\main.axf: Error: L6218E: Undefined symbol RTC_ITConfig (referred from main.o).
.\main.axf: Error: L6218E: Undefined symbol RTC_SetCounter (referred from main.o).
.\main.axf: Error: L6218E: Undefined symbol RTC_SetPrescaler (referred from main.o).
.\main.axf: Error: L6218E: Undefined symbol RTC_WaitForLastTask (referred from main.o).
.\main.axf: Error: L6218E: Undefined symbol RTC_WaitForSynchro (referred from main.o).
".\main.axf" - 10 Errors, 0 Warning(s).
Target not created
Build target 'Target 1'
compiling main.c...
..\User\main.c(29): warning:  #1-D: last line of file ends without a newline
compiling user_delay.c...
compiling user_gpio.c...
compiling user_usart.c...
compiling misc.c...
compiling stm32f10x_gpio.c...
compiling stm32f10x_rcc.c...
compiling stm32f10x_usart.c...
compiling system_stm32f10x.c...
linking...
Program Size: Code=604 RO-data=336 RW-data=20 ZI-data=1028  
FromELF: creating hex file...
".\main.axf" - 0 Errors, 1 Warning(s).
Build target 'Target 1'
compiling main.c...
..\User\main.c(30): warning:  #1-D: last line of file ends without a newline
linking...
Program Size: Code=604 RO-data=336 RW-data=20 ZI-data=1028  
FromELF: creating hex file...
".\main.axf" - 0 Errors, 1 Warning(s).
Build target 'Target 1'
compiling main.c...
..\User\main.c(31): warning:  #1-D: last line of file ends without a newline
linking...
Program Size: Code=604 RO-data=336 RW-data=20 ZI-data=1028  
FromELF: creating hex file...
".\main.axf" - 0 Errors, 1 Warning(s).
Build target 'Target 1'
compiling main.c...
..\User\main.c(32): warning:  #1-D: last line of file ends without a newline
linking...
Program Size: Code=604 RO-data=336 RW-data=20 ZI-data=1028  
FromELF: creating hex file...
".\main.axf" - 0 Errors, 1 Warning(s).
Build target 'Target 1'
compiling main.c...
..\User\main.c(32): warning:  #1-D: last line of file ends without a newline
linking...
Program Size: Code=604 RO-data=336 RW-data=20 ZI-data=1028  
FromELF: creating hex file...
".\main.axf" - 0 Errors, 1 Warning(s).
