<html>
<body>
<pre>
<h1>µVision Build Log</h1>
<h2>Tool Versions:</h2>
IDE-Version: µVision V5.24.2.0
Copyright (C) 2017 ARM Ltd and ARM Germany GmbH. All rights reserved.
License Information: a Microsoft, Microsoft, LIC=32B2Z-J1H8S-X78RZ-JX97K-Y6SJL-IMQCI
 
Tool Versions:
Toolchain:       MDK-ARM Plus  Version: 5.24.1
Toolchain Path:  E:\Keil_v5\ARM\ARMCC\Bin
C Compiler:      Armcc.exe V5.06 update 5 (build 528)
Assembler:       Armasm.exe V5.06 update 5 (build 528)
Linker/Locator:  ArmLink.exe V5.06 update 5 (build 528)
Library Manager: ArmAr.exe V5.06 update 5 (build 528)
Hex Converter:   FromElf.exe V5.06 update 5 (build 528)
CPU DLL:         SARMCM3.DLL V5.24.1
Dialog DLL:      DARMSTM.DLL V1.68.0.0
Target DLL:      STLink\ST-LINKIII-KEIL_SWO.dll V3.0.1.0
Dialog DLL:      TARMSTM.DLL V1.66.0.0
 
<h2>Project:</h2>
C:\Users\HN\Desktop\PT\KeilC\main.uvproj
Project File Date:  03/18/2018

<h2>Output:</h2>
*** Using Compiler 'V5.06 update 5 (build 528)', folder: 'E:\Keil_v5\ARM\ARMCC\Bin'
Rebuild target 'Target 1'
compiling user_delay.c...
compiling user_gpio.c...
compiling main.c...
compiling stm32f10x_it.c...
compiling user_usart.c...
compiling user_timer.c...
compiling newfile.c...
..\User\newfile.c(1): warning:  #1-D: last line of file ends without a newline
  //this is new file
..\User\newfile.c: 1 warning, 0 errors
compiling stm32f10x_gpio.c...
compiling misc.c...
assembling startup_stm32f10x_hd.s...
compiling stm32f10x_usart.c...
compiling stm32f10x_rcc.c...
compiling stm32f10x_flash.c...
compiling system_stm32f10x.c...
compiling stm32f10x_tim.c...
compiling croutine.c...
compiling event_groups.c...
compiling heap_2.c...
compiling list.c...
compiling core_cm3.c...
compiling queue.c...
compiling port.c...
compiling tasks.c...
compiling timers.c...
linking...
Program Size: Code=7440 RO-data=336 RW-data=124 ZI-data=18636  
FromELF: creating hex file...
".\main.axf" - 0 Error(s), 1 Warning(s).
Build Time Elapsed:  00:00:11
</pre>
</body>
</html>
