Component: ARM Compiler 5.06 update 5 (build 528) Tool: armlink [4d35e2]

==============================================================================

Section Cross References

    main.o(.text) refers to stm32f10x_gpio.o(.text) for GPIO_SetBits
    main.o(.text) refers to tasks.o(.text) for vTaskDelay
    main.o(.text) refers to stm32f10x_rcc.o(.text) for RCC_APB2PeriphClockCmd
    user_delay.o(.text) refers to user_delay.o(.data) for fac_us
    user_gpio.o(.text) refers to stm32f10x_rcc.o(.text) for RCC_APB2PeriphClockCmd
    user_gpio.o(.text) refers to stm32f10x_gpio.o(.text) for GPIO_Init
    user_usart.o(.text) refers to stm32f10x_rcc.o(.text) for RCC_APB2PeriphClockCmd
    user_usart.o(.text) refers to stm32f10x_usart.o(.text) for USART_DeInit
    user_timer.o(.text) refers to stm32f10x_rcc.o(.text) for RCC_APB1PeriphClockCmd
    user_timer.o(.text) refers to stm32f10x_tim.o(.text) for TIM_DeInit
    startup_stm32f10x_hd.o(RESET) refers to startup_stm32f10x_hd.o(STACK) for __initial_sp
    startup_stm32f10x_hd.o(RESET) refers to startup_stm32f10x_hd.o(.text) for Reset_Handler
    startup_stm32f10x_hd.o(RESET) refers to stm32f10x_it.o(.text) for NMI_Handler
    startup_stm32f10x_hd.o(.text) refers to system_stm32f10x.o(.text) for SystemInit
    startup_stm32f10x_hd.o(.text) refers to entry.o(.ARM.Collect$$$$00000000) for __main
    stm32f10x_gpio.o(.text) refers to stm32f10x_rcc.o(.text) for RCC_APB2PeriphResetCmd
    stm32f10x_rcc.o(.text) refers to stm32f10x_rcc.o(.data) for APBAHBPrescTable
    stm32f10x_usart.o(.text) refers to stm32f10x_rcc.o(.text) for RCC_APB2PeriphResetCmd
    stm32f10x_tim.o(.text) refers to stm32f10x_rcc.o(.text) for RCC_APB2PeriphResetCmd
    system_stm32f10x.o(.text) refers to system_stm32f10x.o(.data) for SystemCoreClock
    event_groups.o(.text) refers to heap_2.o(.text) for pvPortMalloc
    event_groups.o(.text) refers to list.o(.text) for vListInitialise
    event_groups.o(.text) refers to tasks.o(.text) for vTaskSuspendAll
    event_groups.o(.text) refers to port.o(.text) for vPortYield
    event_groups.o(.text) refers to port.o(.emb_text) for ulPortSetInterruptMask
    heap_2.o(.text) refers to tasks.o(.text) for vTaskSuspendAll
    heap_2.o(.text) refers to heap_2.o(.bss) for ucHeap
    heap_2.o(.text) refers to heap_2.o(.data) for xStart
    port.o(.emb_text) refers to tasks.o(.text) for vTaskSwitchContext
    port.o(.emb_text) refers to tasks.o(.data) for pxCurrentTCB
    port.o(.text) refers to port.o(.emb_text) for ulPortSetInterruptMask
    port.o(.text) refers to tasks.o(.text) for xTaskIncrementTick
    port.o(.text) refers to port.o(.data) for uxCriticalNesting
    queue.o(.text) refers to port.o(.text) for vPortEnterCritical
    queue.o(.text) refers to tasks.o(.text) for xTaskRemoveFromEventList
    queue.o(.text) refers to list.o(.text) for vListInitialise
    queue.o(.text) refers to heap_2.o(.text) for pvPortMalloc
    queue.o(.text) refers to memcpya.o(.text) for __aeabi_memcpy
    queue.o(.text) refers to port.o(.emb_text) for ulPortSetInterruptMask
    tasks.o(.text) refers to list.o(.text) for vListInitialise
    tasks.o(.text) refers to heap_2.o(.text) for pvPortMalloc
    tasks.o(.text) refers to port.o(.text) for pxPortInitialiseStack
    tasks.o(.text) refers to tasks.o(.bss) for pxReadyTasksLists
    tasks.o(.text) refers to tasks.o(.data) for pxDelayedTaskList
    tasks.o(.text) refers to port.o(.emb_text) for ulPortSetInterruptMask
    entry.o(.ARM.Collect$$$$00000000) refers (Special) to entry10a.o(.ARM.Collect$$$$0000000D) for __rt_final_cpp
    entry.o(.ARM.Collect$$$$00000000) refers (Special) to entry11a.o(.ARM.Collect$$$$0000000F) for __rt_final_exit
    entry.o(.ARM.Collect$$$$00000000) refers (Special) to entry7b.o(.ARM.Collect$$$$00000008) for _main_clock
    entry.o(.ARM.Collect$$$$00000000) refers (Special) to entry8b.o(.ARM.Collect$$$$0000000A) for _main_cpp_init
    entry.o(.ARM.Collect$$$$00000000) refers (Special) to entry9a.o(.ARM.Collect$$$$0000000B) for _main_init
    entry.o(.ARM.Collect$$$$00000000) refers (Special) to entry5.o(.ARM.Collect$$$$00000004) for _main_scatterload
    entry.o(.ARM.Collect$$$$00000000) refers (Special) to entry2.o(.ARM.Collect$$$$00000001) for _main_stk
    entry2.o(.ARM.Collect$$$$00000001) refers to entry2.o(.ARM.Collect$$$$00002712) for __lit__00000000
    entry2.o(.ARM.Collect$$$$00002712) refers to startup_stm32f10x_hd.o(STACK) for __initial_sp
    entry2.o(__vectab_stack_and_reset_area) refers to startup_stm32f10x_hd.o(STACK) for __initial_sp
    entry2.o(__vectab_stack_and_reset_area) refers to entry.o(.ARM.Collect$$$$00000000) for __main
    entry5.o(.ARM.Collect$$$$00000004) refers to init.o(.text) for __scatterload
    entry9a.o(.ARM.Collect$$$$0000000B) refers to main.o(.text) for main
    entry9b.o(.ARM.Collect$$$$0000000C) refers to main.o(.text) for main
    init.o(.text) refers to entry5.o(.ARM.Collect$$$$00000004) for __main_after_scatterload


==============================================================================

Removing Unused input sections from the image.

    Removing user_delay.o(.text), (176 bytes).
    Removing user_delay.o(.data), (4 bytes).
    Removing user_gpio.o(.text), (180 bytes).
    Removing user_usart.o(.text), (240 bytes).
    Removing user_timer.o(.text), (220 bytes).
    Removing startup_stm32f10x_hd.o(HEAP), (512 bytes).
    Removing misc.o(.text), (220 bytes).
    Removing stm32f10x_usart.o(.text), (1032 bytes).
    Removing stm32f10x_flash.o(.text), (1468 bytes).
    Removing stm32f10x_tim.o(.text), (3610 bytes).
    Removing core_cm3.o(.emb_text), (32 bytes).
    Removing event_groups.o(.text), (664 bytes).
    Removing queue.o(.text), (1438 bytes).

13 unused section(s) (total 9796 bytes) removed from the image.

==============================================================================

Image Symbol Table

    Local Symbols

    Symbol Name                              Value     Ov Type        Size  Object(Section)

    ../clib/microlib/init/entry.s            0x00000000   Number         0  entry2.o ABSOLUTE
    ../clib/microlib/init/entry.s            0x00000000   Number         0  entry9a.o ABSOLUTE
    ../clib/microlib/init/entry.s            0x00000000   Number         0  entry.o ABSOLUTE
    ../clib/microlib/init/entry.s            0x00000000   Number         0  entry11b.o ABSOLUTE
    ../clib/microlib/init/entry.s            0x00000000   Number         0  entry11a.o ABSOLUTE
    ../clib/microlib/init/entry.s            0x00000000   Number         0  entry10b.o ABSOLUTE
    ../clib/microlib/init/entry.s            0x00000000   Number         0  entry10a.o ABSOLUTE
    ../clib/microlib/init/entry.s            0x00000000   Number         0  entry9b.o ABSOLUTE
    ../clib/microlib/init/entry.s            0x00000000   Number         0  entry8b.o ABSOLUTE
    ../clib/microlib/init/entry.s            0x00000000   Number         0  entry8a.o ABSOLUTE
    ../clib/microlib/init/entry.s            0x00000000   Number         0  entry7b.o ABSOLUTE
    ../clib/microlib/init/entry.s            0x00000000   Number         0  entry7a.o ABSOLUTE
    ../clib/microlib/init/entry.s            0x00000000   Number         0  entry5.o ABSOLUTE
    ../clib/microlib/string/memcpy.c         0x00000000   Number         0  memcpyb.o ABSOLUTE
    ../clib/microlib/string/memcpy.c         0x00000000   Number         0  memcpya.o ABSOLUTE
    ..\CMSIS\core_cm3.c                      0x00000000   Number         0  core_cm3.o ABSOLUTE
    ..\CMSIS\system_stm32f10x.c              0x00000000   Number         0  system_stm32f10x.o ABSOLUTE
    ..\FreeRTOS\src\croutine.c               0x00000000   Number         0  croutine.o ABSOLUTE
    ..\FreeRTOS\src\event_groups.c           0x00000000   Number         0  event_groups.o ABSOLUTE
    ..\FreeRTOS\src\heap_2.c                 0x00000000   Number         0  heap_2.o ABSOLUTE
    ..\FreeRTOS\src\list.c                   0x00000000   Number         0  list.o ABSOLUTE
    ..\FreeRTOS\src\port.c                   0x00000000   Number         0  port.o ABSOLUTE
    ..\FreeRTOS\src\queue.c                  0x00000000   Number         0  queue.o ABSOLUTE
    ..\FreeRTOS\src\tasks.c                  0x00000000   Number         0  tasks.o ABSOLUTE
    ..\FreeRTOS\src\timers.c                 0x00000000   Number         0  timers.o ABSOLUTE
    ..\StartUp\startup_stm32f10x_hd.s        0x00000000   Number         0  startup_stm32f10x_hd.o ABSOLUTE
    ..\StdPeriph_Driver\src\misc.c           0x00000000   Number         0  misc.o ABSOLUTE
    ..\StdPeriph_Driver\src\stm32f10x_flash.c 0x00000000   Number         0  stm32f10x_flash.o ABSOLUTE
    ..\StdPeriph_Driver\src\stm32f10x_gpio.c 0x00000000   Number         0  stm32f10x_gpio.o ABSOLUTE
    ..\StdPeriph_Driver\src\stm32f10x_rcc.c  0x00000000   Number         0  stm32f10x_rcc.o ABSOLUTE
    ..\StdPeriph_Driver\src\stm32f10x_tim.c  0x00000000   Number         0  stm32f10x_tim.o ABSOLUTE
    ..\StdPeriph_Driver\src\stm32f10x_usart.c 0x00000000   Number         0  stm32f10x_usart.o ABSOLUTE
    ..\User\main.c                           0x00000000   Number         0  main.o ABSOLUTE
    ..\User\newfile.c                        0x00000000   Number         0  newfile.o ABSOLUTE
    ..\User\stm32f10x_it.c                   0x00000000   Number         0  stm32f10x_it.o ABSOLUTE
    ..\User\user_delay.c                     0x00000000   Number         0  user_delay.o ABSOLUTE
    ..\User\user_gpio.c                      0x00000000   Number         0  user_gpio.o ABSOLUTE
    ..\User\user_timer.c                     0x00000000   Number         0  user_timer.o ABSOLUTE
    ..\User\user_usart.c                     0x00000000   Number         0  user_usart.o ABSOLUTE
    ..\\CMSIS\\core_cm3.c                    0x00000000   Number         0  core_cm3.o ABSOLUTE
    ..\\FreeRTOS\\src\\port.c                0x00000000   Number         0  port.o ABSOLUTE
    dc.s                                     0x00000000   Number         0  dc.o ABSOLUTE
    handlers.s                               0x00000000   Number         0  handlers.o ABSOLUTE
    init.s                                   0x00000000   Number         0  init.o ABSOLUTE
    RESET                                    0x08000000   Section      304  startup_stm32f10x_hd.o(RESET)
    .ARM.Collect$$$$00000000                 0x08000130   Section        0  entry.o(.ARM.Collect$$$$00000000)
    .ARM.Collect$$$$00000001                 0x08000130   Section        4  entry2.o(.ARM.Collect$$$$00000001)
    .ARM.Collect$$$$00000004                 0x08000134   Section        4  entry5.o(.ARM.Collect$$$$00000004)
    .ARM.Collect$$$$00000008                 0x08000138   Section        0  entry7b.o(.ARM.Collect$$$$00000008)
    .ARM.Collect$$$$0000000A                 0x08000138   Section        0  entry8b.o(.ARM.Collect$$$$0000000A)
    .ARM.Collect$$$$0000000B                 0x08000138   Section        8  entry9a.o(.ARM.Collect$$$$0000000B)
    .ARM.Collect$$$$0000000D                 0x08000140   Section        0  entry10a.o(.ARM.Collect$$$$0000000D)
    .ARM.Collect$$$$0000000F                 0x08000140   Section        0  entry11a.o(.ARM.Collect$$$$0000000F)
    .ARM.Collect$$$$00002712                 0x08000140   Section        4  entry2.o(.ARM.Collect$$$$00002712)
    __lit__00000000                          0x08000140   Data           4  entry2.o(.ARM.Collect$$$$00002712)
    .emb_text                                0x08000144   Section      162  port.o(.emb_text)
    .text                                    0x080001e8   Section        0  main.o(.text)
    .text                                    0x08000264   Section        0  stm32f10x_it.o(.text)
    .text                                    0x080002f8   Section       36  startup_stm32f10x_hd.o(.text)
    .text                                    0x0800031c   Section        0  stm32f10x_gpio.o(.text)
    .text                                    0x08000678   Section        0  stm32f10x_rcc.o(.text)
    .text                                    0x08000a1c   Section        0  system_stm32f10x.o(.text)
    SetSysClockTo72                          0x08000a1d   Thumb Code   214  system_stm32f10x.o(.text)
    SetSysClock                              0x08000af3   Thumb Code     8  system_stm32f10x.o(.text)
    .text                                    0x08000bfc   Section        0  heap_2.o(.text)
    prvHeapInit                              0x08000bfd   Thumb Code    42  heap_2.o(.text)
    .text                                    0x08000d20   Section        0  list.o(.text)
    .text                                    0x08000db4   Section        0  port.o(.text)
    prvTaskExitError                         0x08000db5   Thumb Code     8  port.o(.text)
    .text                                    0x08000e88   Section        0  tasks.o(.text)
    prvInitialiseTaskLists                   0x08000e89   Thumb Code    70  tasks.o(.text)
    prvInitialiseTCBVariables                0x08000ecf   Thumb Code    92  tasks.o(.text)
    prvAllocateTCBAndStack                   0x08000f2b   Thumb Code    54  tasks.o(.text)
    prvResetNextTaskUnblockTime              0x08001043   Thumb Code    42  tasks.o(.text)
    prvAddCurrentTaskToDelayedList           0x080012f5   Thumb Code    62  tasks.o(.text)
    prvTaskIsTaskSuspended                   0x080015f7   Thumb Code    56  tasks.o(.text)
    prvDeleteTCB                             0x08001739   Thumb Code    18  tasks.o(.text)
    prvCheckTasksWaitingTermination          0x0800174b   Thumb Code    86  tasks.o(.text)
    prvIdleTask                              0x080017a1   Thumb Code    20  tasks.o(.text)
    .text                                    0x08001dfc   Section       36  init.o(.text)
    i.__scatterload_copy                     0x08001e20   Section       14  handlers.o(i.__scatterload_copy)
    i.__scatterload_null                     0x08001e2e   Section        2  handlers.o(i.__scatterload_null)
    i.__scatterload_zeroinit                 0x08001e30   Section       14  handlers.o(i.__scatterload_zeroinit)
    .data                                    0x20000000   Section       20  stm32f10x_rcc.o(.data)
    APBAHBPrescTable                         0x20000000   Data          16  stm32f10x_rcc.o(.data)
    ADCPrescTable                            0x20000010   Data           4  stm32f10x_rcc.o(.data)
    .data                                    0x20000014   Section       20  system_stm32f10x.o(.data)
    .data                                    0x20000028   Section       24  heap_2.o(.data)
    xStart                                   0x20000028   Data           8  heap_2.o(.data)
    xEnd                                     0x20000030   Data           8  heap_2.o(.data)
    xFreeBytesRemaining                      0x20000038   Data           4  heap_2.o(.data)
    xHeapHasBeenInitialised                  0x2000003c   Data           4  heap_2.o(.data)
    .data                                    0x20000040   Section        4  port.o(.data)
    uxCriticalNesting                        0x20000040   Data           4  port.o(.data)
    .data                                    0x20000044   Section       56  tasks.o(.data)
    pxDelayedTaskList                        0x20000048   Data           4  tasks.o(.data)
    pxOverflowDelayedTaskList                0x2000004c   Data           4  tasks.o(.data)
    uxTasksDeleted                           0x20000050   Data           4  tasks.o(.data)
    uxCurrentNumberOfTasks                   0x20000054   Data           4  tasks.o(.data)
    xTickCount                               0x20000058   Data           4  tasks.o(.data)
    uxTopReadyPriority                       0x2000005c   Data           4  tasks.o(.data)
    xSchedulerRunning                        0x20000060   Data           4  tasks.o(.data)
    uxPendedTicks                            0x20000064   Data           4  tasks.o(.data)
    xYieldPending                            0x20000068   Data           4  tasks.o(.data)
    xNumOfOverflows                          0x2000006c   Data           4  tasks.o(.data)
    uxTaskNumber                             0x20000070   Data           4  tasks.o(.data)
    xNextTaskUnblockTime                     0x20000074   Data           4  tasks.o(.data)
    uxSchedulerSuspended                     0x20000078   Data           4  tasks.o(.data)
    .bss                                     0x2000007c   Section    17408  heap_2.o(.bss)
    ucHeap                                   0x2000007c   Data       17408  heap_2.o(.bss)
    .bss                                     0x2000447c   Section      200  tasks.o(.bss)
    pxReadyTasksLists                        0x2000447c   Data         100  tasks.o(.bss)
    xDelayedTaskList1                        0x200044e0   Data          20  tasks.o(.bss)
    xDelayedTaskList2                        0x200044f4   Data          20  tasks.o(.bss)
    xPendingReadyList                        0x20004508   Data          20  tasks.o(.bss)
    xTasksWaitingTermination                 0x2000451c   Data          20  tasks.o(.bss)
    xSuspendedTaskList                       0x20004530   Data          20  tasks.o(.bss)
    STACK                                    0x20004548   Section     1024  startup_stm32f10x_hd.o(STACK)

    Global Symbols

    Symbol Name                              Value     Ov Type        Size  Object(Section)

    BuildAttributes$$THM_ISAv4$P$D$K$B$S$PE$A:L22UL41UL21$X:L11$S22US41US21$IEEE1$IW$USESV6$~STKCKD$USESV7$~SHL$OSPACE$EBA8$MICROLIB$REQ8$PRES8$EABIv2 0x00000000   Number         0  anon$$obj.o ABSOLUTE
    __ARM_use_no_argv                        0x00000000   Number         0  main.o ABSOLUTE
    __cpp_initialize__aeabi_                  - Undefined Weak Reference
    __cxa_finalize                            - Undefined Weak Reference
    __decompress                              - Undefined Weak Reference
    _clock_init                               - Undefined Weak Reference
    _microlib_exit                            - Undefined Weak Reference
    __Vectors_Size                           0x00000130   Number         0  startup_stm32f10x_hd.o ABSOLUTE
    __Vectors                                0x08000000   Data           4  startup_stm32f10x_hd.o(RESET)
    __Vectors_End                            0x08000130   Data           0  startup_stm32f10x_hd.o(RESET)
    __main                                   0x08000131   Thumb Code     0  entry.o(.ARM.Collect$$$$00000000)
    _main_stk                                0x08000131   Thumb Code     0  entry2.o(.ARM.Collect$$$$00000001)
    _main_scatterload                        0x08000135   Thumb Code     0  entry5.o(.ARM.Collect$$$$00000004)
    __main_after_scatterload                 0x08000139   Thumb Code     0  entry5.o(.ARM.Collect$$$$00000004)
    _main_clock                              0x08000139   Thumb Code     0  entry7b.o(.ARM.Collect$$$$00000008)
    _main_cpp_init                           0x08000139   Thumb Code     0  entry8b.o(.ARM.Collect$$$$0000000A)
    _main_init                               0x08000139   Thumb Code     0  entry9a.o(.ARM.Collect$$$$0000000B)
    __rt_final_cpp                           0x08000141   Thumb Code     0  entry10a.o(.ARM.Collect$$$$0000000D)
    __rt_final_exit                          0x08000141   Thumb Code     0  entry11a.o(.ARM.Collect$$$$0000000F)
    vPortSVCHandler                          0x08000145   Thumb Code    32  port.o(.emb_text)
    __asm___6_port_c_39a90d8d__prvStartFirstTask 0x08000169   Thumb Code    28  port.o(.emb_text)
    xPortPendSVHandler                       0x08000189   Thumb Code    64  port.o(.emb_text)
    ulPortSetInterruptMask                   0x080001cd   Thumb Code    14  port.o(.emb_text)
    vPortClearInterruptMask                  0x080001db   Thumb Code     6  port.o(.emb_text)
    vPortGetIPSR                             0x080001e1   Thumb Code     6  port.o(.emb_text)
    vTaskLed1                                0x080001e9   Thumb Code    32  main.o(.text)
    main                                     0x08000209   Thumb Code    76  main.o(.text)
    NMI_Handler                              0x08000265   Thumb Code     2  stm32f10x_it.o(.text)
    HardFault_Handler                        0x08000267   Thumb Code     4  stm32f10x_it.o(.text)
    MemManage_Handler                        0x0800026b   Thumb Code     4  stm32f10x_it.o(.text)
    BusFault_Handler                         0x0800026f   Thumb Code     4  stm32f10x_it.o(.text)
    UsageFault_Handler                       0x08000273   Thumb Code     4  stm32f10x_it.o(.text)
    DebugMon_Handler                         0x08000277   Thumb Code     2  stm32f10x_it.o(.text)
    SVC_Handler                              0x08000279   Thumb Code     2  stm32f10x_it.o(.text)
    PendSV_Handler                           0x0800027b   Thumb Code     2  stm32f10x_it.o(.text)
    SysTick_Handler                          0x0800027d   Thumb Code     2  stm32f10x_it.o(.text)
    WWDG_IRQHandler                          0x0800027f   Thumb Code     2  stm32f10x_it.o(.text)
    PVD_IRQHandler                           0x08000281   Thumb Code     2  stm32f10x_it.o(.text)
    TAMPER_IRQHandler                        0x08000283   Thumb Code     2  stm32f10x_it.o(.text)
    RTC_IRQHandler                           0x08000285   Thumb Code     2  stm32f10x_it.o(.text)
    FLASH_IRQHandler                         0x08000287   Thumb Code     2  stm32f10x_it.o(.text)
    RCC_IRQHandler                           0x08000289   Thumb Code     2  stm32f10x_it.o(.text)
    EXTI0_IRQHandler                         0x0800028b   Thumb Code     2  stm32f10x_it.o(.text)
    EXTI1_IRQHandler                         0x0800028d   Thumb Code     2  stm32f10x_it.o(.text)
    EXTI2_IRQHandler                         0x0800028f   Thumb Code     2  stm32f10x_it.o(.text)
    EXTI3_IRQHandler                         0x08000291   Thumb Code     2  stm32f10x_it.o(.text)
    EXTI4_IRQHandler                         0x08000293   Thumb Code     2  stm32f10x_it.o(.text)
    DMA1_Channel1_IRQHandler                 0x08000295   Thumb Code     2  stm32f10x_it.o(.text)
    DMA1_Channel2_IRQHandler                 0x08000297   Thumb Code     2  stm32f10x_it.o(.text)
    DMA1_Channel3_IRQHandler                 0x08000299   Thumb Code     2  stm32f10x_it.o(.text)
    DMA1_Channel4_IRQHandler                 0x0800029b   Thumb Code     2  stm32f10x_it.o(.text)
    DMA1_Channel5_IRQHandler                 0x0800029d   Thumb Code     2  stm32f10x_it.o(.text)
    DMA1_Channel6_IRQHandler                 0x0800029f   Thumb Code     2  stm32f10x_it.o(.text)
    DMA1_Channel7_IRQHandler                 0x080002a1   Thumb Code     2  stm32f10x_it.o(.text)
    ADC1_2_IRQHandler                        0x080002a3   Thumb Code     2  stm32f10x_it.o(.text)
    USB_HP_CAN_TX_IRQHandler                 0x080002a5   Thumb Code     2  stm32f10x_it.o(.text)
    USB_LP_CAN_RX0_IRQHandler                0x080002a7   Thumb Code     2  stm32f10x_it.o(.text)
    CAN_RX1_IRQHandler                       0x080002a9   Thumb Code     2  stm32f10x_it.o(.text)
    CAN_SCE_IRQHandler                       0x080002ab   Thumb Code     2  stm32f10x_it.o(.text)
    EXTI9_5_IRQHandler                       0x080002ad   Thumb Code     2  stm32f10x_it.o(.text)
    TIM1_BRK_IRQHandler                      0x080002af   Thumb Code     2  stm32f10x_it.o(.text)
    TIM1_UP_IRQHandler                       0x080002b1   Thumb Code     2  stm32f10x_it.o(.text)
    TIM1_TRG_COM_IRQHandler                  0x080002b3   Thumb Code     2  stm32f10x_it.o(.text)
    TIM1_CC_IRQHandler                       0x080002b5   Thumb Code     2  stm32f10x_it.o(.text)
    TIM2_IRQHandler                          0x080002b7   Thumb Code     2  stm32f10x_it.o(.text)
    TIM3_IRQHandler                          0x080002b9   Thumb Code     2  stm32f10x_it.o(.text)
    TIM4_IRQHandler                          0x080002bb   Thumb Code     2  stm32f10x_it.o(.text)
    I2C1_EV_IRQHandler                       0x080002bd   Thumb Code     2  stm32f10x_it.o(.text)
    I2C1_ER_IRQHandler                       0x080002bf   Thumb Code     2  stm32f10x_it.o(.text)
    I2C2_EV_IRQHandler                       0x080002c1   Thumb Code     2  stm32f10x_it.o(.text)
    I2C2_ER_IRQHandler                       0x080002c3   Thumb Code     2  stm32f10x_it.o(.text)
    SPI1_IRQHandler                          0x080002c5   Thumb Code     2  stm32f10x_it.o(.text)
    SPI2_IRQHandler                          0x080002c7   Thumb Code     2  stm32f10x_it.o(.text)
    USART1_IRQHandler                        0x080002c9   Thumb Code     2  stm32f10x_it.o(.text)
    USART2_IRQHandler                        0x080002cb   Thumb Code     2  stm32f10x_it.o(.text)
    USART3_IRQHandler                        0x080002cd   Thumb Code     2  stm32f10x_it.o(.text)
    EXTI15_10_IRQHandler                     0x080002cf   Thumb Code     2  stm32f10x_it.o(.text)
    RTCAlarm_IRQHandler                      0x080002d1   Thumb Code     2  stm32f10x_it.o(.text)
    USBWakeUp_IRQHandler                     0x080002d3   Thumb Code     2  stm32f10x_it.o(.text)
    TIM8_BRK_IRQHandler                      0x080002d5   Thumb Code     2  stm32f10x_it.o(.text)
    TIM8_UP_IRQHandler                       0x080002d7   Thumb Code     2  stm32f10x_it.o(.text)
    TIM8_TRG_COM_IRQHandler                  0x080002d9   Thumb Code     2  stm32f10x_it.o(.text)
    TIM8_CC_IRQHandler                       0x080002db   Thumb Code     2  stm32f10x_it.o(.text)
    ADC3_IRQHandler                          0x080002dd   Thumb Code     2  stm32f10x_it.o(.text)
    FSMC_IRQHandler                          0x080002df   Thumb Code     2  stm32f10x_it.o(.text)
    SDIO_IRQHandler                          0x080002e1   Thumb Code     2  stm32f10x_it.o(.text)
    TIM5_IRQHandler                          0x080002e3   Thumb Code     2  stm32f10x_it.o(.text)
    SPI3_IRQHandler                          0x080002e5   Thumb Code     2  stm32f10x_it.o(.text)
    UART4_IRQHandler                         0x080002e7   Thumb Code     2  stm32f10x_it.o(.text)
    UART5_IRQHandler                         0x080002e9   Thumb Code     2  stm32f10x_it.o(.text)
    TIM6_IRQHandler                          0x080002eb   Thumb Code     2  stm32f10x_it.o(.text)
    TIM7_IRQHandler                          0x080002ed   Thumb Code     2  stm32f10x_it.o(.text)
    DMA2_Channel1_IRQHandler                 0x080002ef   Thumb Code     2  stm32f10x_it.o(.text)
    DMA2_Channel2_IRQHandler                 0x080002f1   Thumb Code     2  stm32f10x_it.o(.text)
    DMA2_Channel3_IRQHandler                 0x080002f3   Thumb Code     2  stm32f10x_it.o(.text)
    DMA2_Channel4_5_IRQHandler               0x080002f5   Thumb Code     2  stm32f10x_it.o(.text)
    Reset_Handler                            0x080002f9   Thumb Code     8  startup_stm32f10x_hd.o(.text)
    CAN1_RX1_IRQHandler                      0x08000313   Thumb Code     0  startup_stm32f10x_hd.o(.text)
    CAN1_SCE_IRQHandler                      0x08000313   Thumb Code     0  startup_stm32f10x_hd.o(.text)
    USB_HP_CAN1_TX_IRQHandler                0x08000313   Thumb Code     0  startup_stm32f10x_hd.o(.text)
    USB_LP_CAN1_RX0_IRQHandler               0x08000313   Thumb Code     0  startup_stm32f10x_hd.o(.text)
    GPIO_DeInit                              0x0800031d   Thumb Code   172  stm32f10x_gpio.o(.text)
    GPIO_AFIODeInit                          0x080003c9   Thumb Code    20  stm32f10x_gpio.o(.text)
    GPIO_Init                                0x080003dd   Thumb Code   278  stm32f10x_gpio.o(.text)
    GPIO_StructInit                          0x080004f3   Thumb Code    16  stm32f10x_gpio.o(.text)
    GPIO_ReadInputDataBit                    0x08000503   Thumb Code    18  stm32f10x_gpio.o(.text)
    GPIO_ReadInputData                       0x08000515   Thumb Code     8  stm32f10x_gpio.o(.text)
    GPIO_ReadOutputDataBit                   0x0800051d   Thumb Code    18  stm32f10x_gpio.o(.text)
    GPIO_ReadOutputData                      0x0800052f   Thumb Code     8  stm32f10x_gpio.o(.text)
    GPIO_SetBits                             0x08000537   Thumb Code     4  stm32f10x_gpio.o(.text)
    GPIO_ResetBits                           0x0800053b   Thumb Code     4  stm32f10x_gpio.o(.text)
    GPIO_WriteBit                            0x0800053f   Thumb Code    10  stm32f10x_gpio.o(.text)
    GPIO_Write                               0x08000549   Thumb Code     4  stm32f10x_gpio.o(.text)
    GPIO_PinLockConfig                       0x0800054d   Thumb Code    18  stm32f10x_gpio.o(.text)
    GPIO_EventOutputConfig                   0x0800055f   Thumb Code    26  stm32f10x_gpio.o(.text)
    GPIO_EventOutputCmd                      0x08000579   Thumb Code     6  stm32f10x_gpio.o(.text)
    GPIO_PinRemapConfig                      0x0800057f   Thumb Code   138  stm32f10x_gpio.o(.text)
    GPIO_EXTILineConfig                      0x08000609   Thumb Code    66  stm32f10x_gpio.o(.text)
    GPIO_ETH_MediaInterfaceConfig            0x0800064b   Thumb Code     8  stm32f10x_gpio.o(.text)
    RCC_DeInit                               0x08000679   Thumb Code    64  stm32f10x_rcc.o(.text)
    RCC_HSEConfig                            0x080006b9   Thumb Code    70  stm32f10x_rcc.o(.text)
    RCC_GetFlagStatus                        0x080006ff   Thumb Code    56  stm32f10x_rcc.o(.text)
    RCC_WaitForHSEStartUp                    0x08000737   Thumb Code    56  stm32f10x_rcc.o(.text)
    RCC_AdjustHSICalibrationValue            0x0800076f   Thumb Code    20  stm32f10x_rcc.o(.text)
    RCC_HSICmd                               0x08000783   Thumb Code     6  stm32f10x_rcc.o(.text)
    RCC_PLLConfig                            0x08000789   Thumb Code    24  stm32f10x_rcc.o(.text)
    RCC_PLLCmd                               0x080007a1   Thumb Code     6  stm32f10x_rcc.o(.text)
    RCC_SYSCLKConfig                         0x080007a7   Thumb Code    18  stm32f10x_rcc.o(.text)
    RCC_GetSYSCLKSource                      0x080007b9   Thumb Code    10  stm32f10x_rcc.o(.text)
    RCC_HCLKConfig                           0x080007c3   Thumb Code    18  stm32f10x_rcc.o(.text)
    RCC_PCLK1Config                          0x080007d5   Thumb Code    18  stm32f10x_rcc.o(.text)
    RCC_PCLK2Config                          0x080007e7   Thumb Code    20  stm32f10x_rcc.o(.text)
    RCC_ITConfig                             0x080007fb   Thumb Code    26  stm32f10x_rcc.o(.text)
    RCC_USBCLKConfig                         0x08000815   Thumb Code     8  stm32f10x_rcc.o(.text)
    RCC_ADCCLKConfig                         0x0800081d   Thumb Code    18  stm32f10x_rcc.o(.text)
    RCC_LSEConfig                            0x0800082f   Thumb Code    50  stm32f10x_rcc.o(.text)
    RCC_LSICmd                               0x08000861   Thumb Code     6  stm32f10x_rcc.o(.text)
    RCC_RTCCLKConfig                         0x08000867   Thumb Code    12  stm32f10x_rcc.o(.text)
    RCC_RTCCLKCmd                            0x08000873   Thumb Code     8  stm32f10x_rcc.o(.text)
    RCC_GetClocksFreq                        0x0800087b   Thumb Code   192  stm32f10x_rcc.o(.text)
    RCC_AHBPeriphClockCmd                    0x0800093b   Thumb Code    26  stm32f10x_rcc.o(.text)
    RCC_APB2PeriphClockCmd                   0x08000955   Thumb Code    26  stm32f10x_rcc.o(.text)
    RCC_APB1PeriphClockCmd                   0x0800096f   Thumb Code    26  stm32f10x_rcc.o(.text)
    RCC_APB2PeriphResetCmd                   0x08000989   Thumb Code    26  stm32f10x_rcc.o(.text)
    RCC_APB1PeriphResetCmd                   0x080009a3   Thumb Code    26  stm32f10x_rcc.o(.text)
    RCC_BackupResetCmd                       0x080009bd   Thumb Code     8  stm32f10x_rcc.o(.text)
    RCC_ClockSecuritySystemCmd               0x080009c5   Thumb Code     6  stm32f10x_rcc.o(.text)
    RCC_MCOConfig                            0x080009cb   Thumb Code     6  stm32f10x_rcc.o(.text)
    RCC_ClearFlag                            0x080009d1   Thumb Code    14  stm32f10x_rcc.o(.text)
    RCC_GetITStatus                          0x080009df   Thumb Code    20  stm32f10x_rcc.o(.text)
    RCC_ClearITPendingBit                    0x080009f3   Thumb Code     6  stm32f10x_rcc.o(.text)
    SystemInit                               0x08000afb   Thumb Code    78  system_stm32f10x.o(.text)
    SystemCoreClockUpdate                    0x08000b49   Thumb Code   142  system_stm32f10x.o(.text)
    pvPortMalloc                             0x08000c27   Thumb Code   166  heap_2.o(.text)
    vPortFree                                0x08000ccd   Thumb Code    56  heap_2.o(.text)
    xPortGetFreeHeapSize                     0x08000d05   Thumb Code     6  heap_2.o(.text)
    vPortInitialiseBlocks                    0x08000d0b   Thumb Code     2  heap_2.o(.text)
    vListInitialise                          0x08000d21   Thumb Code    26  list.o(.text)
    vListInitialiseItem                      0x08000d3b   Thumb Code     6  list.o(.text)
    vListInsertEnd                           0x08000d41   Thumb Code    24  list.o(.text)
    vListInsert                              0x08000d59   Thumb Code    52  list.o(.text)
    uxListRemove                             0x08000d8d   Thumb Code    40  list.o(.text)
    pxPortInitialiseStack                    0x08000dbd   Thumb Code    26  port.o(.text)
    vPortSetupTimerInterrupt                 0x08000dd7   Thumb Code    14  port.o(.text)
    xPortStartScheduler                      0x08000de5   Thumb Code    42  port.o(.text)
    vPortEndScheduler                        0x08000e0f   Thumb Code     2  port.o(.text)
    vPortYield                               0x08000e11   Thumb Code    20  port.o(.text)
    vPortEnterCritical                       0x08000e25   Thumb Code    26  port.o(.text)
    vPortExitCritical                        0x08000e3f   Thumb Code    26  port.o(.text)
    xPortSysTickHandler                      0x08000e59   Thumb Code    30  port.o(.text)
    xTaskGenericCreate                       0x08000f61   Thumb Code   226  tasks.o(.text)
    vTaskDelete                              0x0800106d   Thumb Code   138  tasks.o(.text)
    xTaskIncrementTick                       0x080010f7   Thumb Code   242  tasks.o(.text)
    xTaskResumeAll                           0x080011e9   Thumb Code   268  tasks.o(.text)
    vTaskSuspendAll                          0x08001333   Thumb Code    12  tasks.o(.text)
    vTaskDelayUntil                          0x0800133f   Thumb Code   126  tasks.o(.text)
    vTaskDelay                               0x080013bd   Thumb Code    72  tasks.o(.text)
    uxTaskPriorityGet                        0x08001405   Thumb Code    30  tasks.o(.text)
    uxTaskPriorityGetFromISR                 0x08001423   Thumb Code    38  tasks.o(.text)
    vTaskPrioritySet                         0x08001449   Thumb Code   204  tasks.o(.text)
    vTaskSwitchContext                       0x08001515   Thumb Code    76  tasks.o(.text)
    vTaskSuspend                             0x08001561   Thumb Code   150  tasks.o(.text)
    vTaskResume                              0x0800162f   Thumb Code    94  tasks.o(.text)
    xTaskResumeFromISR                       0x0800168d   Thumb Code   172  tasks.o(.text)
    vTaskStartScheduler                      0x080017b5   Thumb Code    58  tasks.o(.text)
    vTaskEndScheduler                        0x080017ef   Thumb Code    18  tasks.o(.text)
    xTaskGetTickCount                        0x08001801   Thumb Code     6  tasks.o(.text)
    xTaskGetTickCountFromISR                 0x08001807   Thumb Code     8  tasks.o(.text)
    uxTaskGetNumberOfTasks                   0x0800180f   Thumb Code     6  tasks.o(.text)
    vTaskPlaceOnEventList                    0x08001815   Thumb Code    84  tasks.o(.text)
    vTaskPlaceOnUnorderedEventList           0x08001869   Thumb Code   100  tasks.o(.text)
    xTaskRemoveFromEventList                 0x080018cd   Thumb Code   104  tasks.o(.text)
    xTaskRemoveFromUnorderedEventList        0x08001935   Thumb Code    94  tasks.o(.text)
    vTaskSetTimeOutState                     0x08001993   Thumb Code    14  tasks.o(.text)
    xTaskCheckForTimeOut                     0x080019a1   Thumb Code    84  tasks.o(.text)
    vTaskMissedYield                         0x080019f5   Thumb Code     8  tasks.o(.text)
    uxTaskResetEventItemValue                0x080019fd   Thumb Code    24  tasks.o(.text)
    ulTaskNotifyTake                         0x08001a15   Thumb Code   162  tasks.o(.text)
    xTaskNotifyWait                          0x08001ab7   Thumb Code   270  tasks.o(.text)
    xTaskGenericNotify                       0x08001bc5   Thumb Code   166  tasks.o(.text)
    xTaskGenericNotifyFromISR                0x08001c6b   Thumb Code   200  tasks.o(.text)
    vTaskNotifyGiveFromISR                   0x08001d33   Thumb Code   124  tasks.o(.text)
    xTaskNotifyStateClear                    0x08001daf   Thumb Code    50  tasks.o(.text)
    __scatterload                            0x08001dfd   Thumb Code    28  init.o(.text)
    __scatterload_rt2                        0x08001dfd   Thumb Code     0  init.o(.text)
    __scatterload_copy                       0x08001e21   Thumb Code    14  handlers.o(i.__scatterload_copy)
    __scatterload_null                       0x08001e2f   Thumb Code     2  handlers.o(i.__scatterload_null)
    __scatterload_zeroinit                   0x08001e31   Thumb Code    14  handlers.o(i.__scatterload_zeroinit)
    Region$$Table$$Base                      0x08001e40   Number         0  anon$$obj.o(Region$$Table)
    Region$$Table$$Limit                     0x08001e60   Number         0  anon$$obj.o(Region$$Table)
    SystemCoreClock                          0x20000014   Data           4  system_stm32f10x.o(.data)
    AHBPrescTable                            0x20000018   Data          16  system_stm32f10x.o(.data)
    pxCurrentTCB                             0x20000044   Data           4  tasks.o(.data)
    __initial_sp                             0x20004948   Data           0  startup_stm32f10x_hd.o(STACK)



==============================================================================

Memory Map of the image

  Image Entry point : 0x08000131

  Load Region LR_IROM1 (Base: 0x08000000, Size: 0x00001edc, Max: 0x00080000, ABSOLUTE)

    Execution Region ER_IROM1 (Exec base: 0x08000000, Load base: 0x08000000, Size: 0x00001e60, Max: 0x00080000, ABSOLUTE)

    Exec Addr    Load Addr    Size         Type   Attr      Idx    E Section Name        Object

    0x08000000   0x08000000   0x00000130   Data   RO          178    RESET               startup_stm32f10x_hd.o
    0x08000130   0x08000130   0x00000000   Code   RO          410  * .ARM.Collect$$$$00000000  mc_w.l(entry.o)
    0x08000130   0x08000130   0x00000004   Code   RO          417    .ARM.Collect$$$$00000001  mc_w.l(entry2.o)
    0x08000134   0x08000134   0x00000004   Code   RO          420    .ARM.Collect$$$$00000004  mc_w.l(entry5.o)
    0x08000138   0x08000138   0x00000000   Code   RO          422    .ARM.Collect$$$$00000008  mc_w.l(entry7b.o)
    0x08000138   0x08000138   0x00000000   Code   RO          424    .ARM.Collect$$$$0000000A  mc_w.l(entry8b.o)
    0x08000138   0x08000138   0x00000008   Code   RO          425    .ARM.Collect$$$$0000000B  mc_w.l(entry9a.o)
    0x08000140   0x08000140   0x00000000   Code   RO          427    .ARM.Collect$$$$0000000D  mc_w.l(entry10a.o)
    0x08000140   0x08000140   0x00000000   Code   RO          429    .ARM.Collect$$$$0000000F  mc_w.l(entry11a.o)
    0x08000140   0x08000140   0x00000004   Code   RO          418    .ARM.Collect$$$$00002712  mc_w.l(entry2.o)
    0x08000144   0x08000144   0x000000a2   Code   RO          352    .emb_text           port.o
    0x080001e6   0x080001e6   0x00000002   PAD
    0x080001e8   0x080001e8   0x0000007c   Code   RO            1    .text               main.o
    0x08000264   0x08000264   0x00000092   Code   RO          157    .text               stm32f10x_it.o
    0x080002f6   0x080002f6   0x00000002   PAD
    0x080002f8   0x080002f8   0x00000024   Code   RO          179    .text               startup_stm32f10x_hd.o
    0x0800031c   0x0800031c   0x0000035c   Code   RO          196    .text               stm32f10x_gpio.o
    0x08000678   0x08000678   0x000003a4   Code   RO          208    .text               stm32f10x_rcc.o
    0x08000a1c   0x08000a1c   0x000001e0   Code   RO          271    .text               system_stm32f10x.o
    0x08000bfc   0x08000bfc   0x00000124   Code   RO          325    .text               heap_2.o
    0x08000d20   0x08000d20   0x00000094   Code   RO          340    .text               list.o
    0x08000db4   0x08000db4   0x000000d4   Code   RO          353    .text               port.o
    0x08000e88   0x08000e88   0x00000f74   Code   RO          385    .text               tasks.o
    0x08001dfc   0x08001dfc   0x00000024   Code   RO          431    .text               mc_w.l(init.o)
    0x08001e20   0x08001e20   0x0000000e   Code   RO          435    i.__scatterload_copy  mc_w.l(handlers.o)
    0x08001e2e   0x08001e2e   0x00000002   Code   RO          436    i.__scatterload_null  mc_w.l(handlers.o)
    0x08001e30   0x08001e30   0x0000000e   Code   RO          437    i.__scatterload_zeroinit  mc_w.l(handlers.o)
    0x08001e3e   0x08001e3e   0x00000002   PAD
    0x08001e40   0x08001e40   0x00000020   Data   RO          433    Region$$Table       anon$$obj.o


    Execution Region RW_IRAM1 (Exec base: 0x20000000, Load base: 0x08001e60, Size: 0x00004948, Max: 0x00010000, ABSOLUTE)

    Exec Addr    Load Addr    Size         Type   Attr      Idx    E Section Name        Object

    0x20000000   0x08001e60   0x00000014   Data   RW          209    .data               stm32f10x_rcc.o
    0x20000014   0x08001e74   0x00000014   Data   RW          272    .data               system_stm32f10x.o
    0x20000028   0x08001e88   0x00000018   Data   RW          327    .data               heap_2.o
    0x20000040   0x08001ea0   0x00000004   Data   RW          354    .data               port.o
    0x20000044   0x08001ea4   0x00000038   Data   RW          387    .data               tasks.o
    0x2000007c        -       0x00004400   Zero   RW          326    .bss                heap_2.o
    0x2000447c        -       0x000000c8   Zero   RW          386    .bss                tasks.o
    0x20004544   0x08001edc   0x00000004   PAD
    0x20004548        -       0x00000400   Zero   RW          176    STACK               startup_stm32f10x_hd.o


==============================================================================

Image component sizes


      Code (inc. data)   RO Data    RW Data    ZI Data      Debug   Object Name

         0          0          0          0          0       1452   event_groups.o
       292         20          0         24      17408       2992   heap_2.o
       148          0          0          0          0       1782   list.o
       124         16          0          0          0     234989   main.o
       374         30          0          4          0       4147   port.o
        36          8        304          0       1024        800   startup_stm32f10x_hd.o
       860         38          0          0          0       5673   stm32f10x_gpio.o
       146          0          0          0          0       7348   stm32f10x_it.o
       932         36          0         20          0       8816   stm32f10x_rcc.o
       480         38          0         20          0       1691   system_stm32f10x.o
      3956        244          0         56        200      17216   tasks.o

    ----------------------------------------------------------------------
      7352        430        336        124      18636     286906   Object Totals
         0          0         32          0          0          0   (incl. Generated)
         4          0          0          0          4          0   (incl. Padding)

    ----------------------------------------------------------------------

      Code (inc. data)   RO Data    RW Data    ZI Data      Debug   Library Member Name

         0          0          0          0          0          0   entry.o
         0          0          0          0          0          0   entry10a.o
         0          0          0          0          0          0   entry11a.o
         8          4          0          0          0          0   entry2.o
         4          0          0          0          0          0   entry5.o
         0          0          0          0          0          0   entry7b.o
         0          0          0          0          0          0   entry8b.o
         8          4          0          0          0          0   entry9a.o
        30          0          0          0          0          0   handlers.o
        36          8          0          0          0         68   init.o

    ----------------------------------------------------------------------
        88         16          0          0          0         68   Library Totals
         2          0          0          0          0          0   (incl. Padding)

    ----------------------------------------------------------------------

      Code (inc. data)   RO Data    RW Data    ZI Data      Debug   Library Name

        86         16          0          0          0         68   mc_w.l

    ----------------------------------------------------------------------
        88         16          0          0          0         68   Library Totals

    ----------------------------------------------------------------------

==============================================================================


      Code (inc. data)   RO Data    RW Data    ZI Data      Debug   

      7440        446        336        124      18636     286138   Grand Totals
      7440        446        336        124      18636     286138   ELF Image Totals
      7440        446        336        124          0          0   ROM Totals

==============================================================================

    Total RO  Size (Code + RO Data)                 7776 (   7.59kB)
    Total RW  Size (RW Data + ZI Data)             18760 (  18.32kB)
    Total ROM Size (Code + RO Data + RW Data)       7900 (   7.71kB)

==============================================================================

